[2026-04-15 23:06:06] [info] Start Program:
Path:"ctest"
Arguments:--test-dir D:\git\ESP32-S3-N16R8\build\host-coverage -C Debug --output-on-failure 
Working directory: "D:\\git\\ESP32-S3-N16R8"
Modules: Selected: * Excluded: 
Sources: Selected: D:\git\ESP32-S3-N16R8\common_utils\* D:\git\ESP32-S3-N16R8\common_os\* D:\git\ESP32-S3-N16R8\common_driver\* D:\git\ESP32-S3-N16R8\sample_project\* Excluded: D:\git\ESP32-S3-N16R8\common_utils\test\* D:\git\ESP32-S3-N16R8\common_os\test\* D:\git\ESP32-S3-N16R8\common_driver\test\* D:\git\ESP32-S3-N16R8\sample_project\test\* 
Log Level: Normal
Cover Children: 1
Aggregate by file: 1
Continue after C++ exception: 0
Optimized build support: 0
Export: html D:\git\ESP32-S3-N16R8\build\coverage\html cobertura D:\git\ESP32-S3-N16R8\build\coverage\coverage.xml 
Input coverage: 
Unified diff: 
Excluded line regular expressions: 
Substitute pdb source paths: 
[2026-04-15 23:06:06] [info] Module: C:\Program Files\CMake\bin\ctest.exe is selected because it matches selected pattern: *
[2026-04-15 23:06:06] [info] Module: C:\Windows\System32\ntdll.dll is selected because it matches selected pattern: *
[2026-04-15 23:06:06] [info] Module: C:\Windows\System32\kernel32.dll is selected because it matches selected pattern: *
[2026-04-15 23:06:06] [info] Module: C:\Windows\System32\KernelBase.dll is selected because it matches selected pattern: *
[2026-04-15 23:06:06] [info] Module: C:\Windows\System32\advapi32.dll is selected because it matches selected pattern: *
[2026-04-15 23:06:06] [info] Module: C:\Windows\System32\msvcrt.dll is selected because it matches selected pattern: *
[2026-04-15 23:06:06] [info] Module: C:\Windows\System32\sechost.dll is selected because it matches selected pattern: *
[2026-04-15 23:06:06] [info] Module: C:\Windows\System32\powrprof.dll is selected because it matches selected pattern: *
[2026-04-15 23:06:06] [info] Module: C:\Windows\System32\bcrypt.dll is selected because it matches selected pattern: *
[2026-04-15 23:06:06] [info] Module: C:\Windows\System32\ucrtbase.dll is selected because it matches selected pattern: *
[2026-04-15 23:06:06] [info] Module: C:\Windows\System32\rpcrt4.dll is selected because it matches selected pattern: *
[2026-04-15 23:06:06] [info] Module: C:\Windows\System32\dbghelp.dll is selected because it matches selected pattern: *
[2026-04-15 23:06:06] [info] Module: C:\Windows\System32\combase.dll is selected because it matches selected pattern: *
[2026-04-15 23:06:06] [info] Module: C:\Windows\System32\shell32.dll is selected because it matches selected pattern: *
[2026-04-15 23:06:06] [info] Module: C:\Windows\System32\oleaut32.dll is selected because it matches selected pattern: *
[2026-04-15 23:06:06] [info] Module: C:\Windows\System32\msvcp_win.dll is selected because it matches selected pattern: *
[2026-04-15 23:06:06] [info] Module: C:\Windows\System32\secur32.dll is selected because it matches selected pattern: *
[2026-04-15 23:06:06] [info] Module: C:\Windows\System32\user32.dll is selected because it matches selected pattern: *
[2026-04-15 23:06:06] [info] Module: C:\Windows\System32\win32u.dll is selected because it matches selected pattern: *
[2026-04-15 23:06:06] [info] Module: C:\Windows\System32\gdi32.dll is selected because it matches selected pattern: *
[2026-04-15 23:06:06] [info] Module: C:\Windows\System32\gdi32full.dll is selected because it matches selected pattern: *
[2026-04-15 23:06:06] [info] Module: C:\Windows\System32\WinTypes.dll is selected because it matches selected pattern: *
[2026-04-15 23:06:06] [info] Module: C:\Windows\System32\ws2_32.dll is selected because it matches selected pattern: *
[2026-04-15 23:06:06] [info] Module: C:\Windows\System32\crypt32.dll is selected because it matches selected pattern: *
[2026-04-15 23:06:06] [info] Module: C:\Windows\System32\ole32.dll is selected because it matches selected pattern: *
[2026-04-15 23:06:06] [info] Module: C:\Windows\System32\cryptbase.dll is selected because it matches selected pattern: *
[2026-04-15 23:06:06] [info] Module: C:\Windows\System32\sspicli.dll is selected because it matches selected pattern: *
[2026-04-15 23:06:06] [info] Module: C:\Windows\System32\umpdc.dll is selected because it matches selected pattern: *
[2026-04-15 23:06:06] [info] Module: C:\Windows\System32\imm32.dll is selected because it matches selected pattern: *
[2026-04-15 23:06:06] [info] Module: C:\Windows\System32\SHCore.dll is selected because it matches selected pattern: *
[2026-04-15 23:06:06] [info] Module: C:\Windows\System32\uxtheme.dll is selected because it matches selected pattern: *
[2026-04-15 23:06:06] [info] Module: C:\Windows\System32\mswsock.dll is selected because it matches selected pattern: *
[2026-04-15 23:06:06] [info] Module: C:\Windows\System32\windows.storage.dll is selected because it matches selected pattern: *
[2026-04-15 23:06:06] [info] Module: C:\Windows\System32\shlwapi.dll is selected because it matches selected pattern: *
[2026-04-15 23:06:06] [info] Module: C:\Windows\System32\cryptsp.dll is selected because it matches selected pattern: *
[2026-04-15 23:06:06] [info] Module: C:\Windows\System32\rsaenh.dll is selected because it matches selected pattern: *
[2026-04-15 23:06:06] [info] Module: C:\Windows\System32\bcryptprimitives.dll is selected because it matches selected pattern: *
[2026-04-15 23:06:06] [info] Module: D:\git\ESP32-S3-N16R8\build\host-coverage\common_utils\test\Debug\common_utils_util_status_tests.exe is selected because it matches selected pattern: *
[2026-04-15 23:06:06] [info] Module: C:\Windows\System32\ntdll.dll is selected because it matches selected pattern: *
[2026-04-15 23:06:06] [info] Module: C:\Windows\System32\kernel32.dll is selected because it matches selected pattern: *
[2026-04-15 23:06:06] [info] Module: C:\Windows\System32\KernelBase.dll is selected because it matches selected pattern: *
[2026-04-15 23:06:06] [info] Module: C:\Windows\System32\vcruntime140_1d.dll is selected because it matches selected pattern: *
[2026-04-15 23:06:06] [info] Module: C:\Windows\System32\vcruntime140d.dll is selected because it matches selected pattern: *
[2026-04-15 23:06:06] [info] Module: C:\Windows\System32\msvcp140d.dll is selected because it matches selected pattern: *
[2026-04-15 23:06:06] [info] Module: C:\Windows\System32\ucrtbased.dll is selected because it matches selected pattern: *
[2026-04-15 23:06:06] [info] Module: C:\Windows\System32\ucrtbased.dll is selected because it matches selected pattern: *
[2026-04-15 23:06:06] [info] Module: C:\Windows\System32\kernel.appcore.dll is selected because it matches selected pattern: *
[2026-04-15 23:06:06] [info] Module: C:\Windows\System32\msvcrt.dll is selected because it matches selected pattern: *
[2026-04-15 23:06:06] [info] Module: D:\git\ESP32-S3-N16R8\build\host-coverage\common_utils\test\Debug\common_utils_util_status_tests.exe is selected because it matches selected pattern: *
[2026-04-15 23:06:06] [info] Module: C:\Windows\System32\ntdll.dll is selected because it matches selected pattern: *
[2026-04-15 23:06:06] [info] Module: C:\Windows\System32\kernel32.dll is selected because it matches selected pattern: *
[2026-04-15 23:06:06] [info] Module: C:\Windows\System32\KernelBase.dll is selected because it matches selected pattern: *
[2026-04-15 23:06:06] [info] Module: C:\Windows\System32\msvcp140d.dll is selected because it matches selected pattern: *
[2026-04-15 23:06:06] [info] Module: C:\Windows\System32\vcruntime140d.dll is selected because it matches selected pattern: *
[2026-04-15 23:06:06] [info] Module: C:\Windows\System32\vcruntime140_1d.dll is selected because it matches selected pattern: *
[2026-04-15 23:06:06] [info] Module: C:\Windows\System32\ucrtbased.dll is selected because it matches selected pattern: *
[2026-04-15 23:06:06] [info] Module: C:\Windows\System32\kernel.appcore.dll is selected because it matches selected pattern: *
[2026-04-15 23:06:06] [info] Module: C:\Windows\System32\msvcrt.dll is selected because it matches selected pattern: *
[2026-04-15 23:06:06] [info] Module: D:\git\ESP32-S3-N16R8\build\host-coverage\common_utils\test\Debug\common_utils_util_status_tests.exe is selected because it matches selected pattern: *
[2026-04-15 23:06:06] [info] Module: C:\Windows\System32\ntdll.dll is selected because it matches selected pattern: *
[2026-04-15 23:06:06] [info] Module: C:\Windows\System32\kernel32.dll is selected because it matches selected pattern: *
[2026-04-15 23:06:06] [info] Module: C:\Windows\System32\KernelBase.dll is selected because it matches selected pattern: *
[2026-04-15 23:06:06] [info] Module: C:\Windows\System32\vcruntime140_1d.dll is selected because it matches selected pattern: *
[2026-04-15 23:06:06] [info] Module: C:\Windows\System32\vcruntime140d.dll is selected because it matches selected pattern: *
[2026-04-15 23:06:06] [info] Module: C:\Windows\System32\ucrtbased.dll is selected because it matches selected pattern: *
[2026-04-15 23:06:06] [info] Module: C:\Windows\System32\msvcp140d.dll is selected because it matches selected pattern: *
[2026-04-15 23:06:06] [info] Module: C:\Windows\System32\kernel.appcore.dll is selected because it matches selected pattern: *
[2026-04-15 23:06:06] [info] Module: C:\Windows\System32\msvcrt.dll is selected because it matches selected pattern: *
[2026-04-15 23:06:06] [info] Module: D:\git\ESP32-S3-N16R8\build\host-coverage\common_utils\test\Debug\common_utils_util_math_tests.exe is selected because it matches selected pattern: *
[2026-04-15 23:06:06] [info] Module: C:\Windows\System32\ntdll.dll is selected because it matches selected pattern: *
[2026-04-15 23:06:06] [info] Module: C:\Windows\System32\kernel32.dll is selected because it matches selected pattern: *
[2026-04-15 23:06:06] [info] Module: C:\Windows\System32\KernelBase.dll is selected because it matches selected pattern: *
[2026-04-15 23:06:06] [info] Module: C:\Windows\System32\msvcp140d.dll is selected because it matches selected pattern: *
[2026-04-15 23:06:06] [info] Module: C:\Windows\System32\vcruntime140d.dll is selected because it matches selected pattern: *
[2026-04-15 23:06:06] [info] Module: C:\Windows\System32\vcruntime140_1d.dll is selected because it matches selected pattern: *
[2026-04-15 23:06:06] [info] Module: C:\Windows\System32\ucrtbased.dll is selected because it matches selected pattern: *
[2026-04-15 23:06:06] [info] Module: C:\Windows\System32\kernel.appcore.dll is selected because it matches selected pattern: *
[2026-04-15 23:06:06] [info] Module: C:\Windows\System32\msvcrt.dll is selected because it matches selected pattern: *
[2026-04-15 23:06:06] [info] Module: D:\git\ESP32-S3-N16R8\build\host-coverage\common_utils\test\Debug\common_utils_util_math_tests.exe is selected because it matches selected pattern: *
[2026-04-15 23:06:06] [info] Module: C:\Windows\System32\ntdll.dll is selected because it matches selected pattern: *
[2026-04-15 23:06:06] [info] Module: C:\Windows\System32\kernel32.dll is selected because it matches selected pattern: *
[2026-04-15 23:06:06] [info] Module: C:\Windows\System32\KernelBase.dll is selected because it matches selected pattern: *
[2026-04-15 23:06:06] [info] Module: C:\Windows\System32\vcruntime140d.dll is selected because it matches selected pattern: *
[2026-04-15 23:06:06] [info] Module: C:\Windows\System32\vcruntime140_1d.dll is selected because it matches selected pattern: *
[2026-04-15 23:06:06] [info] Module: C:\Windows\System32\msvcp140d.dll is selected because it matches selected pattern: *
[2026-04-15 23:06:06] [info] Module: C:\Windows\System32\ucrtbased.dll is selected because it matches selected pattern: *
[2026-04-15 23:06:06] [info] Module: C:\Windows\System32\kernel.appcore.dll is selected because it matches selected pattern: *
[2026-04-15 23:06:06] [info] Module: C:\Windows\System32\msvcrt.dll is selected because it matches selected pattern: *
[2026-04-15 23:06:06] [info] Module: D:\git\ESP32-S3-N16R8\build\host-coverage\common_utils\test\Debug\common_utils_util_math_tests.exe is selected because it matches selected pattern: *
[2026-04-15 23:06:06] [info] Module: C:\Windows\System32\ntdll.dll is selected because it matches selected pattern: *
[2026-04-15 23:06:06] [info] Module: C:\Windows\System32\kernel32.dll is selected because it matches selected pattern: *
[2026-04-15 23:06:06] [info] Module: C:\Windows\System32\KernelBase.dll is selected because it matches selected pattern: *
[2026-04-15 23:06:06] [info] Module: C:\Windows\System32\vcruntime140d.dll is selected because it matches selected pattern: *
[2026-04-15 23:06:06] [info] Module: C:\Windows\System32\msvcp140d.dll is selected because it matches selected pattern: *
[2026-04-15 23:06:06] [info] Module: C:\Windows\System32\vcruntime140_1d.dll is selected because it matches selected pattern: *
[2026-04-15 23:06:06] [info] Module: C:\Windows\System32\ucrtbased.dll is selected because it matches selected pattern: *
[2026-04-15 23:06:06] [info] Module: C:\Windows\System32\kernel.appcore.dll is selected because it matches selected pattern: *
[2026-04-15 23:06:06] [info] Module: C:\Windows\System32\msvcrt.dll is selected because it matches selected pattern: *
[2026-04-15 23:06:06] [info] Module: D:\git\ESP32-S3-N16R8\build\host-coverage\common_os\test\Debug\common_os_os_port_tests.exe is selected because it matches selected pattern: *
[2026-04-15 23:06:06] [info] Module: C:\Windows\System32\ntdll.dll is selected because it matches selected pattern: *
[2026-04-15 23:06:06] [info] Module: C:\Windows\System32\kernel32.dll is selected because it matches selected pattern: *
[2026-04-15 23:06:06] [info] Module: C:\Windows\System32\KernelBase.dll is selected because it matches selected pattern: *
[2026-04-15 23:06:06] [info] Module: C:\Windows\System32\msvcp140d.dll is selected because it matches selected pattern: *
[2026-04-15 23:06:06] [info] Module: C:\Windows\System32\vcruntime140_1d.dll is selected because it matches selected pattern: *
[2026-04-15 23:06:06] [info] Module: C:\Windows\System32\vcruntime140d.dll is selected because it matches selected pattern: *
[2026-04-15 23:06:06] [info] Module: C:\Windows\System32\ucrtbased.dll is selected because it matches selected pattern: *
[2026-04-15 23:06:06] [info] Module: C:\Windows\System32\kernel.appcore.dll is selected because it matches selected pattern: *
[2026-04-15 23:06:06] [info] Module: C:\Windows\System32\msvcrt.dll is selected because it matches selected pattern: *
[2026-04-15 23:06:06] [info] Module: D:\git\ESP32-S3-N16R8\build\host-coverage\common_os\test\Debug\common_os_os_port_tests.exe is selected because it matches selected pattern: *
[2026-04-15 23:06:06] [info] Module: C:\Windows\System32\ntdll.dll is selected because it matches selected pattern: *
[2026-04-15 23:06:06] [info] Module: C:\Windows\System32\kernel32.dll is selected because it matches selected pattern: *
[2026-04-15 23:06:06] [info] Module: C:\Windows\System32\KernelBase.dll is selected because it matches selected pattern: *
[2026-04-15 23:06:06] [info] Module: C:\Windows\System32\vcruntime140d.dll is selected because it matches selected pattern: *
[2026-04-15 23:06:06] [info] Module: C:\Windows\System32\msvcp140d.dll is selected because it matches selected pattern: *
[2026-04-15 23:06:06] [info] Module: C:\Windows\System32\vcruntime140_1d.dll is selected because it matches selected pattern: *
[2026-04-15 23:06:06] [info] Module: C:\Windows\System32\ucrtbased.dll is selected because it matches selected pattern: *
[2026-04-15 23:06:06] [info] Module: C:\Windows\System32\kernel.appcore.dll is selected because it matches selected pattern: *
[2026-04-15 23:06:06] [info] Module: C:\Windows\System32\msvcrt.dll is selected because it matches selected pattern: *
[2026-04-15 23:06:07] [info] Module: D:\git\ESP32-S3-N16R8\build\host-coverage\common_os\test\Debug\common_os_os_clock_tests.exe is selected because it matches selected pattern: *
[2026-04-15 23:06:07] [info] Module: C:\Windows\System32\ntdll.dll is selected because it matches selected pattern: *
[2026-04-15 23:06:07] [info] Module: C:\Windows\System32\kernel32.dll is selected because it matches selected pattern: *
[2026-04-15 23:06:07] [info] Module: C:\Windows\System32\KernelBase.dll is selected because it matches selected pattern: *
[2026-04-15 23:06:07] [info] Module: C:\Windows\System32\msvcp140d.dll is selected because it matches selected pattern: *
[2026-04-15 23:06:07] [info] Module: C:\Windows\System32\vcruntime140d.dll is selected because it matches selected pattern: *
[2026-04-15 23:06:07] [info] Module: C:\Windows\System32\vcruntime140_1d.dll is selected because it matches selected pattern: *
[2026-04-15 23:06:07] [info] Module: C:\Windows\System32\ucrtbased.dll is selected because it matches selected pattern: *
[2026-04-15 23:06:07] [info] Module: C:\Windows\System32\kernel.appcore.dll is selected because it matches selected pattern: *
[2026-04-15 23:06:07] [info] Module: C:\Windows\System32\msvcrt.dll is selected because it matches selected pattern: *
[2026-04-15 23:06:07] [info] Module: D:\git\ESP32-S3-N16R8\build\host-coverage\common_os\test\Debug\common_os_os_clock_tests.exe is selected because it matches selected pattern: *
[2026-04-15 23:06:07] [info] Module: C:\Windows\System32\ntdll.dll is selected because it matches selected pattern: *
[2026-04-15 23:06:07] [info] Module: C:\Windows\System32\kernel32.dll is selected because it matches selected pattern: *
[2026-04-15 23:06:07] [info] Module: C:\Windows\System32\KernelBase.dll is selected because it matches selected pattern: *
[2026-04-15 23:06:07] [info] Module: C:\Windows\System32\msvcp140d.dll is selected because it matches selected pattern: *
[2026-04-15 23:06:07] [info] Module: C:\Windows\System32\ucrtbased.dll is selected because it matches selected pattern: *
[2026-04-15 23:06:07] [info] Module: C:\Windows\System32\vcruntime140_1d.dll is selected because it matches selected pattern: *
[2026-04-15 23:06:07] [info] Module: C:\Windows\System32\vcruntime140d.dll is selected because it matches selected pattern: *
[2026-04-15 23:06:07] [info] Module: C:\Windows\System32\kernel.appcore.dll is selected because it matches selected pattern: *
[2026-04-15 23:06:07] [info] Module: C:\Windows\System32\msvcrt.dll is selected because it matches selected pattern: *
[2026-04-15 23:06:07] [info] Module: D:\git\ESP32-S3-N16R8\build\host-coverage\common_driver\test\Debug\common_driver_gpio_driver_tests.exe is selected because it matches selected pattern: *
[2026-04-15 23:06:07] [info] Module: C:\Windows\System32\ntdll.dll is selected because it matches selected pattern: *
[2026-04-15 23:06:07] [info] Module: C:\Windows\System32\kernel32.dll is selected because it matches selected pattern: *
[2026-04-15 23:06:07] [info] Module: C:\Windows\System32\KernelBase.dll is selected because it matches selected pattern: *
[2026-04-15 23:06:07] [info] Module: C:\Windows\System32\vcruntime140d.dll is selected because it matches selected pattern: *
[2026-04-15 23:06:07] [info] Module: C:\Windows\System32\vcruntime140_1d.dll is selected because it matches selected pattern: *
[2026-04-15 23:06:07] [info] Module: C:\Windows\System32\msvcp140d.dll is selected because it matches selected pattern: *
[2026-04-15 23:06:07] [info] Module: C:\Windows\System32\ucrtbased.dll is selected because it matches selected pattern: *
[2026-04-15 23:06:07] [info] Module: C:\Windows\System32\kernel.appcore.dll is selected because it matches selected pattern: *
[2026-04-15 23:06:07] [info] Module: C:\Windows\System32\msvcrt.dll is selected because it matches selected pattern: *
[2026-04-15 23:06:07] [info] Module: D:\git\ESP32-S3-N16R8\build\host-coverage\common_driver\test\Debug\common_driver_gpio_driver_tests.exe is selected because it matches selected pattern: *
[2026-04-15 23:06:07] [info] Module: C:\Windows\System32\ntdll.dll is selected because it matches selected pattern: *
[2026-04-15 23:06:07] [info] Module: C:\Windows\System32\kernel32.dll is selected because it matches selected pattern: *
[2026-04-15 23:06:07] [info] Module: C:\Windows\System32\KernelBase.dll is selected because it matches selected pattern: *
[2026-04-15 23:06:07] [info] Module: C:\Windows\System32\vcruntime140d.dll is selected because it matches selected pattern: *
[2026-04-15 23:06:07] [info] Module: C:\Windows\System32\vcruntime140_1d.dll is selected because it matches selected pattern: *
[2026-04-15 23:06:07] [info] Module: C:\Windows\System32\ucrtbased.dll is selected because it matches selected pattern: *
[2026-04-15 23:06:07] [info] Module: C:\Windows\System32\msvcp140d.dll is selected because it matches selected pattern: *
[2026-04-15 23:06:07] [info] Module: C:\Windows\System32\kernel.appcore.dll is selected because it matches selected pattern: *
[2026-04-15 23:06:07] [info] Module: C:\Windows\System32\msvcrt.dll is selected because it matches selected pattern: *
[2026-04-15 23:06:07] [info] Module: D:\git\ESP32-S3-N16R8\build\host-coverage\common_driver\test\Debug\common_driver_gpio_driver_tests.exe is selected because it matches selected pattern: *
[2026-04-15 23:06:07] [info] Module: C:\Windows\System32\ntdll.dll is selected because it matches selected pattern: *
[2026-04-15 23:06:07] [info] Module: C:\Windows\System32\kernel32.dll is selected because it matches selected pattern: *
[2026-04-15 23:06:07] [info] Module: C:\Windows\System32\KernelBase.dll is selected because it matches selected pattern: *
[2026-04-15 23:06:07] [info] Module: C:\Windows\System32\vcruntime140d.dll is selected because it matches selected pattern: *
[2026-04-15 23:06:07] [info] Module: C:\Windows\System32\msvcp140d.dll is selected because it matches selected pattern: *
[2026-04-15 23:06:07] [info] Module: C:\Windows\System32\vcruntime140_1d.dll is selected because it matches selected pattern: *
[2026-04-15 23:06:07] [info] Module: C:\Windows\System32\ucrtbased.dll is selected because it matches selected pattern: *
[2026-04-15 23:06:07] [info] Module: C:\Windows\System32\kernel.appcore.dll is selected because it matches selected pattern: *
[2026-04-15 23:06:07] [info] Module: C:\Windows\System32\msvcrt.dll is selected because it matches selected pattern: *
[2026-04-15 23:06:07] [info] Module: D:\git\ESP32-S3-N16R8\build\host-coverage\common_driver\test\Debug\common_driver_gpio_driver_tests.exe is selected because it matches selected pattern: *
[2026-04-15 23:06:07] [info] Module: C:\Windows\System32\ntdll.dll is selected because it matches selected pattern: *
[2026-04-15 23:06:07] [info] Module: C:\Windows\System32\kernel32.dll is selected because it matches selected pattern: *
[2026-04-15 23:06:07] [info] Module: C:\Windows\System32\KernelBase.dll is selected because it matches selected pattern: *
[2026-04-15 23:06:07] [info] Module: C:\Windows\System32\vcruntime140d.dll is selected because it matches selected pattern: *
[2026-04-15 23:06:07] [info] Module: C:\Windows\System32\vcruntime140_1d.dll is selected because it matches selected pattern: *
[2026-04-15 23:06:07] [info] Module: C:\Windows\System32\msvcp140d.dll is selected because it matches selected pattern: *
[2026-04-15 23:06:07] [info] Module: C:\Windows\System32\ucrtbased.dll is selected because it matches selected pattern: *
[2026-04-15 23:06:07] [info] Module: C:\Windows\System32\kernel.appcore.dll is selected because it matches selected pattern: *
[2026-04-15 23:06:07] [info] Module: C:\Windows\System32\msvcrt.dll is selected because it matches selected pattern: *
[2026-04-15 23:06:07] [info] Module: D:\git\ESP32-S3-N16R8\build\host-coverage\common_driver\test\Debug\common_driver_uart_driver_tests.exe is selected because it matches selected pattern: *
[2026-04-15 23:06:07] [info] Module: C:\Windows\System32\ntdll.dll is selected because it matches selected pattern: *
[2026-04-15 23:06:07] [info] Module: C:\Windows\System32\kernel32.dll is selected because it matches selected pattern: *
[2026-04-15 23:06:07] [info] Module: C:\Windows\System32\KernelBase.dll is selected because it matches selected pattern: *
[2026-04-15 23:06:07] [info] Module: C:\Windows\System32\vcruntime140d.dll is selected because it matches selected pattern: *
[2026-04-15 23:06:07] [info] Module: C:\Windows\System32\msvcp140d.dll is selected because it matches selected pattern: *
[2026-04-15 23:06:07] [info] Module: C:\Windows\System32\ucrtbased.dll is selected because it matches selected pattern: *
[2026-04-15 23:06:07] [info] Module: C:\Windows\System32\vcruntime140_1d.dll is selected because it matches selected pattern: *
[2026-04-15 23:06:07] [info] Module: C:\Windows\System32\kernel.appcore.dll is selected because it matches selected pattern: *
[2026-04-15 23:06:07] [info] Module: C:\Windows\System32\msvcrt.dll is selected because it matches selected pattern: *
[2026-04-15 23:06:07] [info] Module: D:\git\ESP32-S3-N16R8\build\host-coverage\common_driver\test\Debug\common_driver_uart_driver_tests.exe is selected because it matches selected pattern: *
[2026-04-15 23:06:07] [info] Module: C:\Windows\System32\ntdll.dll is selected because it matches selected pattern: *
[2026-04-15 23:06:07] [info] Module: C:\Windows\System32\kernel32.dll is selected because it matches selected pattern: *
[2026-04-15 23:06:07] [info] Module: C:\Windows\System32\KernelBase.dll is selected because it matches selected pattern: *
[2026-04-15 23:06:07] [info] Module: C:\Windows\System32\vcruntime140d.dll is selected because it matches selected pattern: *
[2026-04-15 23:06:07] [info] Module: C:\Windows\System32\vcruntime140_1d.dll is selected because it matches selected pattern: *
[2026-04-15 23:06:07] [info] Module: C:\Windows\System32\msvcp140d.dll is selected because it matches selected pattern: *
[2026-04-15 23:06:07] [info] Module: C:\Windows\System32\ucrtbased.dll is selected because it matches selected pattern: *
[2026-04-15 23:06:07] [info] Module: C:\Windows\System32\kernel.appcore.dll is selected because it matches selected pattern: *
[2026-04-15 23:06:07] [info] Module: C:\Windows\System32\msvcrt.dll is selected because it matches selected pattern: *
[2026-04-15 23:06:07] [info] Module: D:\git\ESP32-S3-N16R8\build\host-coverage\common_driver\test\Debug\common_driver_uart_driver_tests.exe is selected because it matches selected pattern: *
[2026-04-15 23:06:07] [info] Module: C:\Windows\System32\ntdll.dll is selected because it matches selected pattern: *
[2026-04-15 23:06:07] [info] Module: C:\Windows\System32\kernel32.dll is selected because it matches selected pattern: *
[2026-04-15 23:06:07] [info] Module: C:\Windows\System32\KernelBase.dll is selected because it matches selected pattern: *
[2026-04-15 23:06:07] [info] Module: C:\Windows\System32\msvcp140d.dll is selected because it matches selected pattern: *
[2026-04-15 23:06:07] [info] Module: C:\Windows\System32\vcruntime140d.dll is selected because it matches selected pattern: *
[2026-04-15 23:06:07] [info] Module: C:\Windows\System32\vcruntime140_1d.dll is selected because it matches selected pattern: *
[2026-04-15 23:06:07] [info] Module: C:\Windows\System32\ucrtbased.dll is selected because it matches selected pattern: *
[2026-04-15 23:06:07] [info] Module: C:\Windows\System32\kernel.appcore.dll is selected because it matches selected pattern: *
[2026-04-15 23:06:07] [info] Module: C:\Windows\System32\msvcrt.dll is selected because it matches selected pattern: *
[2026-04-15 23:06:07] [info] Module: D:\git\ESP32-S3-N16R8\build\host-coverage\common_driver\test\Debug\common_driver_uart_driver_tests.exe is selected because it matches selected pattern: *
[2026-04-15 23:06:07] [info] Module: C:\Windows\System32\ntdll.dll is selected because it matches selected pattern: *
[2026-04-15 23:06:07] [info] Module: C:\Windows\System32\kernel32.dll is selected because it matches selected pattern: *
[2026-04-15 23:06:07] [info] Module: C:\Windows\System32\KernelBase.dll is selected because it matches selected pattern: *
[2026-04-15 23:06:07] [info] Module: C:\Windows\System32\vcruntime140d.dll is selected because it matches selected pattern: *
[2026-04-15 23:06:07] [info] Module: C:\Windows\System32\msvcp140d.dll is selected because it matches selected pattern: *
[2026-04-15 23:06:07] [info] Module: C:\Windows\System32\vcruntime140_1d.dll is selected because it matches selected pattern: *
[2026-04-15 23:06:07] [info] Module: C:\Windows\System32\ucrtbased.dll is selected because it matches selected pattern: *
[2026-04-15 23:06:07] [info] Module: C:\Windows\System32\kernel.appcore.dll is selected because it matches selected pattern: *
[2026-04-15 23:06:07] [info] Module: C:\Windows\System32\msvcrt.dll is selected because it matches selected pattern: *
[2026-04-15 23:06:07] [info] Module: D:\git\ESP32-S3-N16R8\build\host-coverage\sample_project\test\Debug\sample_project_app_core_tests.exe is selected because it matches selected pattern: *
[2026-04-15 23:06:07] [info] Module: C:\Windows\System32\ntdll.dll is selected because it matches selected pattern: *
[2026-04-15 23:06:07] [info] Module: C:\Windows\System32\kernel32.dll is selected because it matches selected pattern: *
[2026-04-15 23:06:07] [info] Module: C:\Windows\System32\KernelBase.dll is selected because it matches selected pattern: *
[2026-04-15 23:06:07] [info] Module: C:\Windows\System32\vcruntime140d.dll is selected because it matches selected pattern: *
[2026-04-15 23:06:07] [info] Module: C:\Windows\System32\msvcp140d.dll is selected because it matches selected pattern: *
[2026-04-15 23:06:07] [info] Module: C:\Windows\System32\vcruntime140_1d.dll is selected because it matches selected pattern: *
[2026-04-15 23:06:07] [info] Module: C:\Windows\System32\ucrtbased.dll is selected because it matches selected pattern: *
[2026-04-15 23:06:07] [info] Module: C:\Windows\System32\kernel.appcore.dll is selected because it matches selected pattern: *
[2026-04-15 23:06:07] [info] Module: C:\Windows\System32\msvcrt.dll is selected because it matches selected pattern: *
[2026-04-15 23:06:07] [info] Module: D:\git\ESP32-S3-N16R8\build\host-coverage\sample_project\test\Debug\sample_project_app_core_tests.exe is selected because it matches selected pattern: *
[2026-04-15 23:06:07] [info] Module: C:\Windows\System32\ntdll.dll is selected because it matches selected pattern: *
[2026-04-15 23:06:07] [info] Module: C:\Windows\System32\kernel32.dll is selected because it matches selected pattern: *
[2026-04-15 23:06:07] [info] Module: C:\Windows\System32\KernelBase.dll is selected because it matches selected pattern: *
[2026-04-15 23:06:07] [info] Module: C:\Windows\System32\msvcp140d.dll is selected because it matches selected pattern: *
[2026-04-15 23:06:07] [info] Module: C:\Windows\System32\vcruntime140d.dll is selected because it matches selected pattern: *
[2026-04-15 23:06:07] [info] Module: C:\Windows\System32\ucrtbased.dll is selected because it matches selected pattern: *
[2026-04-15 23:06:07] [info] Module: C:\Windows\System32\vcruntime140_1d.dll is selected because it matches selected pattern: *
[2026-04-15 23:06:07] [info] Module: C:\Windows\System32\kernel.appcore.dll is selected because it matches selected pattern: *
[2026-04-15 23:06:07] [info] Module: C:\Windows\System32\msvcrt.dll is selected because it matches selected pattern: *
[2026-04-15 23:06:07] [info] Module: D:\git\ESP32-S3-N16R8\build\host-coverage\sample_project\test\Debug\sample_project_app_core_tests.exe is selected because it matches selected pattern: *
[2026-04-15 23:06:07] [info] Module: C:\Windows\System32\ntdll.dll is selected because it matches selected pattern: *
[2026-04-15 23:06:07] [info] Module: C:\Windows\System32\kernel32.dll is selected because it matches selected pattern: *
[2026-04-15 23:06:07] [info] Module: C:\Windows\System32\KernelBase.dll is selected because it matches selected pattern: *
[2026-04-15 23:06:07] [info] Module: C:\Windows\System32\msvcp140d.dll is selected because it matches selected pattern: *
[2026-04-15 23:06:07] [info] Module: C:\Windows\System32\vcruntime140d.dll is selected because it matches selected pattern: *
[2026-04-15 23:06:07] [info] Module: C:\Windows\System32\vcruntime140_1d.dll is selected because it matches selected pattern: *
[2026-04-15 23:06:07] [info] Module: C:\Windows\System32\ucrtbased.dll is selected because it matches selected pattern: *
[2026-04-15 23:06:07] [info] Module: C:\Windows\System32\kernel.appcore.dll is selected because it matches selected pattern: *
[2026-04-15 23:06:07] [info] Module: C:\Windows\System32\msvcrt.dll is selected because it matches selected pattern: *
[2026-04-15 23:06:07] [info] Module: D:\git\ESP32-S3-N16R8\build\host-coverage\sample_project\test\Debug\sample_project_app_core_tests.exe is selected because it matches selected pattern: *
[2026-04-15 23:06:07] [info] Module: C:\Windows\System32\ntdll.dll is selected because it matches selected pattern: *
[2026-04-15 23:06:07] [info] Module: C:\Windows\System32\kernel32.dll is selected because it matches selected pattern: *
[2026-04-15 23:06:07] [info] Module: C:\Windows\System32\KernelBase.dll is selected because it matches selected pattern: *
[2026-04-15 23:06:07] [info] Module: C:\Windows\System32\vcruntime140d.dll is selected because it matches selected pattern: *
[2026-04-15 23:06:07] [info] Module: C:\Windows\System32\msvcp140d.dll is selected because it matches selected pattern: *
[2026-04-15 23:06:07] [info] Module: C:\Windows\System32\vcruntime140_1d.dll is selected because it matches selected pattern: *
[2026-04-15 23:06:07] [info] Module: C:\Windows\System32\ucrtbased.dll is selected because it matches selected pattern: *
[2026-04-15 23:06:07] [info] Module: C:\Windows\System32\kernel.appcore.dll is selected because it matches selected pattern: *
[2026-04-15 23:06:07] [info] Module: C:\Windows\System32\msvcrt.dll is selected because it matches selected pattern: *
[2026-04-15 23:06:07] [info] Module: D:\git\ESP32-S3-N16R8\build\host-coverage\sample_project\test\Debug\sample_project_app_core_tests.exe is selected because it matches selected pattern: *
[2026-04-15 23:06:07] [info] Module: C:\Windows\System32\ntdll.dll is selected because it matches selected pattern: *
[2026-04-15 23:06:07] [info] Module: C:\Windows\System32\kernel32.dll is selected because it matches selected pattern: *
[2026-04-15 23:06:07] [info] Module: C:\Windows\System32\KernelBase.dll is selected because it matches selected pattern: *
[2026-04-15 23:06:07] [info] Module: C:\Windows\System32\vcruntime140_1d.dll is selected because it matches selected pattern: *
[2026-04-15 23:06:07] [info] Module: C:\Windows\System32\vcruntime140d.dll is selected because it matches selected pattern: *
[2026-04-15 23:06:07] [info] Module: C:\Windows\System32\msvcp140d.dll is selected because it matches selected pattern: *
[2026-04-15 23:06:07] [info] Module: C:\Windows\System32\ucrtbased.dll is selected because it matches selected pattern: *
[2026-04-15 23:06:07] [info] Module: C:\Windows\System32\kernel.appcore.dll is selected because it matches selected pattern: *
[2026-04-15 23:06:07] [info] Module: C:\Windows\System32\msvcrt.dll is selected because it matches selected pattern: *
[2026-04-15 23:06:07] [info] Module: D:\git\ESP32-S3-N16R8\build\host-coverage\sample_project\test\Debug\sample_project_telemetry_tests.exe is selected because it matches selected pattern: *
[2026-04-15 23:06:07] [info] Module: C:\Windows\System32\ntdll.dll is selected because it matches selected pattern: *
[2026-04-15 23:06:07] [info] Module: C:\Windows\System32\kernel32.dll is selected because it matches selected pattern: *
[2026-04-15 23:06:07] [info] Module: C:\Windows\System32\KernelBase.dll is selected because it matches selected pattern: *
[2026-04-15 23:06:07] [info] Module: C:\Windows\System32\msvcp140d.dll is selected because it matches selected pattern: *
[2026-04-15 23:06:07] [info] Module: C:\Windows\System32\vcruntime140d.dll is selected because it matches selected pattern: *
[2026-04-15 23:06:07] [info] Module: C:\Windows\System32\vcruntime140_1d.dll is selected because it matches selected pattern: *
[2026-04-15 23:06:07] [info] Module: C:\Windows\System32\ucrtbased.dll is selected because it matches selected pattern: *
[2026-04-15 23:06:07] [info] Module: C:\Windows\System32\kernel.appcore.dll is selected because it matches selected pattern: *
[2026-04-15 23:06:07] [info] Module: C:\Windows\System32\msvcrt.dll is selected because it matches selected pattern: *
[2026-04-15 23:06:07] [info] Module: D:\git\ESP32-S3-N16R8\build\host-coverage\sample_project\test\Debug\sample_project_telemetry_tests.exe is selected because it matches selected pattern: *
[2026-04-15 23:06:07] [info] Module: C:\Windows\System32\ntdll.dll is selected because it matches selected pattern: *
[2026-04-15 23:06:07] [info] Module: C:\Windows\System32\kernel32.dll is selected because it matches selected pattern: *
[2026-04-15 23:06:07] [info] Module: C:\Windows\System32\KernelBase.dll is selected because it matches selected pattern: *
[2026-04-15 23:06:07] [info] Module: C:\Windows\System32\vcruntime140d.dll is selected because it matches selected pattern: *
[2026-04-15 23:06:07] [info] Module: C:\Windows\System32\msvcp140d.dll is selected because it matches selected pattern: *
[2026-04-15 23:06:07] [info] Module: C:\Windows\System32\vcruntime140_1d.dll is selected because it matches selected pattern: *
[2026-04-15 23:06:07] [info] Module: C:\Windows\System32\ucrtbased.dll is selected because it matches selected pattern: *
[2026-04-15 23:06:07] [info] Module: C:\Windows\System32\kernel.appcore.dll is selected because it matches selected pattern: *
[2026-04-15 23:06:07] [info] Module: C:\Windows\System32\msvcrt.dll is selected because it matches selected pattern: *
[2026-04-15 23:06:07] [info] Module: D:\git\ESP32-S3-N16R8\build\host-coverage\sample_project\test\Debug\sample_project_app_support_tests.exe is selected because it matches selected pattern: *
[2026-04-15 23:06:07] [info] Module: C:\Windows\System32\ntdll.dll is selected because it matches selected pattern: *
[2026-04-15 23:06:07] [info] Module: C:\Windows\System32\kernel32.dll is selected because it matches selected pattern: *
[2026-04-15 23:06:07] [info] Module: C:\Windows\System32\KernelBase.dll is selected because it matches selected pattern: *
[2026-04-15 23:06:07] [info] Module: C:\Windows\System32\vcruntime140d.dll is selected because it matches selected pattern: *
[2026-04-15 23:06:07] [info] Module: C:\Windows\System32\vcruntime140_1d.dll is selected because it matches selected pattern: *
[2026-04-15 23:06:07] [info] Module: C:\Windows\System32\ucrtbased.dll is selected because it matches selected pattern: *
[2026-04-15 23:06:07] [info] Module: C:\Windows\System32\msvcp140d.dll is selected because it matches selected pattern: *
[2026-04-15 23:06:07] [info] Module: C:\Windows\System32\kernel.appcore.dll is selected because it matches selected pattern: *
[2026-04-15 23:06:07] [info] Module: C:\Windows\System32\msvcrt.dll is selected because it matches selected pattern: *
[2026-04-15 23:06:07] [info] Module: D:\git\ESP32-S3-N16R8\build\host-coverage\sample_project\test\Debug\sample_project_app_support_tests.exe is selected because it matches selected pattern: *
[2026-04-15 23:06:07] [info] Module: C:\Windows\System32\ntdll.dll is selected because it matches selected pattern: *
[2026-04-15 23:06:07] [info] Module: C:\Windows\System32\kernel32.dll is selected because it matches selected pattern: *
[2026-04-15 23:06:07] [info] Module: C:\Windows\System32\KernelBase.dll is selected because it matches selected pattern: *
[2026-04-15 23:06:07] [info] Module: C:\Windows\System32\vcruntime140_1d.dll is selected because it matches selected pattern: *
[2026-04-15 23:06:07] [info] Module: C:\Windows\System32\vcruntime140d.dll is selected because it matches selected pattern: *
[2026-04-15 23:06:07] [info] Module: C:\Windows\System32\ucrtbased.dll is selected because it matches selected pattern: *
[2026-04-15 23:06:07] [info] Module: C:\Windows\System32\msvcp140d.dll is selected because it matches selected pattern: *
[2026-04-15 23:06:07] [info] Module: C:\Windows\System32\kernel.appcore.dll is selected because it matches selected pattern: *
[2026-04-15 23:06:07] [info] Module: C:\Windows\System32\msvcrt.dll is selected because it matches selected pattern: *
[2026-04-15 23:06:07] [info] Module: D:\git\ESP32-S3-N16R8\build\host-coverage\sample_project\test\Debug\sample_project_app_support_tests.exe is selected because it matches selected pattern: *
[2026-04-15 23:06:07] [info] Module: C:\Windows\System32\ntdll.dll is selected because it matches selected pattern: *
[2026-04-15 23:06:07] [info] Module: C:\Windows\System32\kernel32.dll is selected because it matches selected pattern: *
[2026-04-15 23:06:07] [info] Module: C:\Windows\System32\KernelBase.dll is selected because it matches selected pattern: *
[2026-04-15 23:06:07] [info] Module: C:\Windows\System32\vcruntime140d.dll is selected because it matches selected pattern: *
[2026-04-15 23:06:07] [info] Module: C:\Windows\System32\msvcp140d.dll is selected because it matches selected pattern: *
[2026-04-15 23:06:07] [info] Module: C:\Windows\System32\ucrtbased.dll is selected because it matches selected pattern: *
[2026-04-15 23:06:07] [info] Module: C:\Windows\System32\vcruntime140_1d.dll is selected because it matches selected pattern: *
[2026-04-15 23:06:07] [info] Module: C:\Windows\System32\kernel.appcore.dll is selected because it matches selected pattern: *
[2026-04-15 23:06:07] [info] Module: C:\Windows\System32\msvcrt.dll is selected because it matches selected pattern: *
[2026-04-15 23:06:07] [info] Module: D:\git\ESP32-S3-N16R8\build\host-coverage\sample_project\test\Debug\sample_project_app_support_tests.exe is selected because it matches selected pattern: *
[2026-04-15 23:06:07] [info] Module: C:\Windows\System32\ntdll.dll is selected because it matches selected pattern: *
[2026-04-15 23:06:07] [info] Module: C:\Windows\System32\kernel32.dll is selected because it matches selected pattern: *
[2026-04-15 23:06:07] [info] Module: C:\Windows\System32\KernelBase.dll is selected because it matches selected pattern: *
[2026-04-15 23:06:07] [info] Module: C:\Windows\System32\vcruntime140_1d.dll is selected because it matches selected pattern: *
[2026-04-15 23:06:07] [info] Module: C:\Windows\System32\vcruntime140d.dll is selected because it matches selected pattern: *
[2026-04-15 23:06:07] [info] Module: C:\Windows\System32\msvcp140d.dll is selected because it matches selected pattern: *
[2026-04-15 23:06:07] [info] Module: C:\Windows\System32\ucrtbased.dll is selected because it matches selected pattern: *
[2026-04-15 23:06:07] [info] Module: C:\Windows\System32\kernel.appcore.dll is selected because it matches selected pattern: *
[2026-04-15 23:06:07] [info] Module: C:\Windows\System32\msvcrt.dll is selected because it matches selected pattern: *
[2026-04-15 23:06:07] [info] Module: D:\git\ESP32-S3-N16R8\build\host-coverage\sample_project\test\Debug\sample_project_app_support_tests.exe is selected because it matches selected pattern: *
[2026-04-15 23:06:07] [info] Module: C:\Windows\System32\ntdll.dll is selected because it matches selected pattern: *
[2026-04-15 23:06:07] [info] Module: C:\Windows\System32\kernel32.dll is selected because it matches selected pattern: *
[2026-04-15 23:06:07] [info] Module: C:\Windows\System32\KernelBase.dll is selected because it matches selected pattern: *
[2026-04-15 23:06:07] [info] Module: C:\Windows\System32\msvcp140d.dll is selected because it matches selected pattern: *
[2026-04-15 23:06:07] [info] Module: C:\Windows\System32\vcruntime140d.dll is selected because it matches selected pattern: *
[2026-04-15 23:06:07] [info] Module: C:\Windows\System32\vcruntime140_1d.dll is selected because it matches selected pattern: *
[2026-04-15 23:06:07] [info] Module: C:\Windows\System32\ucrtbased.dll is selected because it matches selected pattern: *
[2026-04-15 23:06:07] [info] Module: C:\Windows\System32\kernel.appcore.dll is selected because it matches selected pattern: *
[2026-04-15 23:06:07] [info] Module: C:\Windows\System32\msvcrt.dll is selected because it matches selected pattern: *
[2026-04-15 23:06:07] [info] Module: C:\Windows\System32\kernel.appcore.dll is selected because it matches selected pattern: *
[2026-04-15 23:06:07] [info] ----------------------------------------------------
[2026-04-15 23:06:07] [info] Coverage generated in Folder D:\git\ESP32-S3-N16R8\build\coverage\html
[2026-04-15 23:06:07] [info] ----------------------------------------------------
[2026-04-15 23:06:07] [info] ----------------------------------------------------
[2026-04-15 23:06:07] [info] Cobertura report generated: D:\git\ESP32-S3-N16R8\build\coverage\coverage.xml
[2026-04-15 23:06:07] [info] ----------------------------------------------------
[2026-04-15 23:06:07] [info] The code coverage report is not what you expect? See the FAQ https://github.com/OpenCppCoverage/OpenCppCoverage/wiki/FAQ.
